import { Controller, Get, Post, Body, Patch, Param, Delete, Query, UseGuards, Req } from '@nestjs/common';
import { AuthGuard } from '@nestjs/passport';
import { Request } from 'express';
import { AttributesService } from './attributes.service';
import { CreateAttributeDto } from './dto/create-attribute.dto';
import { UpdateAttributeDto } from './dto/update-attribute.dto';
@Controller('attributes')
export class AttributesController {
  constructor(private readonly attributesService: AttributesService) {}
  @Post()
  create(@Body()
  createAttributeDto: CreateAttributeDto) {
    return this.attributesService.create(createAttributeDto);
  }
  @UseGuards(AuthGuard('jwt'))
  @Get()
  findAll(@Req()
  req: Request) {
    const user = req.user;
    const currentBranchId = +user['branchId'];
    return this.attributesService.findAll(currentBranchId);
  }
}